C51 COMPILER V9.60.0.0   IIC                                                               08/14/2020 19:11:02 PAGE 1   


C51 COMPILER V9.60.0.0, COMPILATION OF MODULE IIC
OBJECT MODULE PLACED IN .\Objects\IIC.obj
COMPILER INVOKED BY: D:\Keil_v5\C51\BIN\C51.EXE IIC\IIC.c OPTIMIZE(8,SPEED) BROWSE INCDIR(.\AHT10;.\Delay;.\UART;.\IIC) 
                    -DEBUG OBJECTEXTEND PRINT(.\Listings\IIC.lst) OBJECT(.\Objects\IIC.obj)

line level    source

   1          #include "IIC.h"
   2          
   3          
   4          /*
   5           *@brief                硬件IIC等待函数
   6           *@param[in]    NULL
   7           *@author               MrWeng
   8           *@date                 2020-8-10
   9           */
  10          #if HW_IIC
              void Wait(void)
              {
                  while (!(I2CMSST & 0x40));
                  I2CMSST &= ~0x40;
              }
              #endif
  17          
  18          /*
  19           *@brief                IIC总线初始化函数
  20           *@param[in]    NULL
  21           *@author               MrWeng
  22           *@date                 2020-8-10
  23           */
  24          void IIC_Init(void)     
  25          {
  26   1          IIC_SDA = 1;//释放IIC总线的数据线。
  27   1          IIC_SCL = 1;//释放IIC总线的时钟线。
  28   1      
  29   1      }
  30          /****************************************************************
  31          通讯起始信号：当 SCL 线是高电平时 SDA 线从高电平向低电平切换，表示通讯的开始；
  32          *****************************************************************/
  33          void IIC_start(void)  
  34          {
  35   1      #if HW_IIC
                      I2CMSCR = 0x01;       //发送START命令
                  Wait();
              #else
  39   1         IIC_SDA = 1;//拉高
  40   1         IIC_SCL = 1;
  41   1         IIC_SDA = 0;
  42   1         IIC_SCL = 0;         //拉低时钟线，准备开始时钟
  43   1      #endif
  44   1      }
  45          /****************************************************************
  46          通讯停止信号：当 SCL 是高电平时 SDA线由低电平向高电平切换，表示通讯的停止。
  47          *****************************************************************/
  48          void IIC_stop(void) 
  49          {
  50   1      #if HW_IIC
                      I2CMSCR = 0x06;                             //发送STOP命令
                      Wait();
              #else
  54   1              IIC_SCL = 1;
C51 COMPILER V9.60.0.0   IIC                                                               08/14/2020 19:11:02 PAGE 2   

  55   1              IIC_SDA = 0;
  56   1              IIC_SDA = 1;    //通讯停止
  57   1              IIC_SCL = 0;
  58   1      #endif  
  59   1      }
  60          /****************************************************************
  61          //接收应答信号函数
  62          *****************************************************************/
  63          void IIC_Get_ack(void)
  64          {
  65   1      #if HW_IIC
                      I2CMSCR = 0x03;                             //发送读ACK命令
                      Wait();
              #else   
  69   1              IIC_SCL = 1;            //拉高时钟线。
  70   1              IIC_SCL = 0;            //拉低时钟线。
  71   1      #endif
  72   1      }
  73          /****************************************************************
  74          //发送应答信号函数
  75          *****************************************************************/
  76          //应答
  77          void IIC_ACK()  
  78          { 
  79   1      #if HW_IIC
                      I2CMSST = 0x00;                             //设置ACK信号
                      I2CMSCR = 0x05;                             //发送ACK命令
                      Wait();
              #else
  84   1              IIC_SDA = 0;    //拉低数据线，应答
  85   1              IIC_SCL = 1;    //产生第九个时钟信号。
  86   1              IIC_SCL = 0;    
  87   1      #endif
  88   1      }
  89          //非应答
  90          void IIC_NACK()
  91          { 
  92   1      #if HW_IIC
                      I2CMSST = 0x01;                             //设置NAK信号
                      I2CMSCR = 0x05;                             //发送ACK命令
                      Wait();
              #else
  97   1              IIC_SDA = 1;    //拉高数据线，非应答
  98   1              IIC_SCL = 1;    //产生第九个时钟信号。
  99   1              IIC_SCL = 0;    
 100   1      #endif
 101   1      }
 102          
 103          /****************************************************************
 104          //向IIC总线写入一个字节的数据
 105          *****************************************************************/
 106          void IIC_write_byte(unsigned char Data)
 107          {
 108   1      #if HW_IIC
                      I2CTXD = Data;                               //写数据到数据缓冲区
                      I2CMSCR = 0x02;                             //发送SEND命令
                      Wait();
              #else
 113   1              unsigned char i;
 114   1              for(i=0;i<8;i++)//八位数据
 115   1              {
 116   2                      if((Data & 0x80) == 0x80)
C51 COMPILER V9.60.0.0   IIC                                                               08/14/2020 19:11:02 PAGE 3   

 117   2                              IIC_SDA = 1;
 118   2                      else
 119   2                              IIC_SDA = 0;
 120   2                              IIC_SCL = 1; //一个时钟信号送入数据
 121   2                              IIC_SCL = 0;
 122   2                              Data = Data << 1;//数据左移一位，把次高位放在最高位,为写入次高位做准备
 123   2              }
 124   1              IIC_SDA = 0;            //应答处理前拉低，跳过应答
 125   1      #endif
 126   1      }
 127          /****************************************************************
 128          //从IIC总线读取一个字节的数据函数
 129          *****************************************************************/
 130          unsigned char IIC_read_byte()
 131          {
 132   1      #if HW_IIC
                      I2CMSCR = 0x04;                             //发送RECV命令
                  Wait();
                  return I2CRXD;
              #else   
 137   1          unsigned char i;
 138   1          unsigned char Data = 0;       //定义一个缓冲寄存器。
 139   1              IIC_SCL = 0;    //先拉低时钟线
 140   1              IIC_SDA = 1;    //再拉高数据线
 141   1          for(i = 0;i < 8;i++)
 142   1          {
 143   2                               Data = Data<<1;                //将缓冲字节的数据左移一位，准备读取数据。
 144   2             IIC_SCL = 1;                             //拉高时钟线，开始读取下一位数据
 145   2             if(IIC_SDA == 1)         //如果数据线为高平电平。
 146   2                                      Data = Data|0x01;       //则给缓冲字节的最低位写1。
 147   2             IIC_SCL = 0;                             //拉低时钟线，一位读取完成
 148   2          }
 149   1          return Data;                                        //返回读取的一个字节数据。
 150   1      #endif
 151   1      }
 152          /*************************************************************************************************
 153          void IIC_single_byte_write(unsigned char Daddr,unsigned char Waddr,unsigned char Data)
 154          {//向任意地址写入一个字节数据函数
 155              IIC_start();//产生起始信号
 156              IIC_write_byte(Daddr);//写入设备地址（写）
 157              IIC_Tack();//等待设备的应答
 158              IIC_write_byte(Waddr);//写入要操作的单元地址。
 159              IIC_Tack();//等待设备的应答。
 160              IIC_write_byte(Data);//写入数据。
 161              IIC_Tack();//等待设备的应答。由于每次只写入一个字节，不对应答做处理
 162              IIC_stop();//产生停止符号。
 163          }
 164          unsigned char IIC_single_byte_read(unsigned char Daddr,unsigned char Waddr)
 165          {//从任意地址读取一个字节数据函数
 166              unsigned char Data;//定义一个缓冲寄存器。
 167          
 168              IIC_start();//产生起始信号
 169              IIC_write_byte(Daddr);//写入设备地址（写）
 170              IIC_Tack();//等待设备的应答
 171              IIC_write_byte(Waddr);//写入要操作的单元地址。
 172              IIC_Tack();//等待设备的应答。
 173              
 174              IIC_start();//产生起始信号
 175              IIC_write_byte(Daddr+1);//写入设备地址（读）。
 176              IIC_Tack();//等待设备的应答。 
 177              Data=IIC_read_byte();//写入数据。
 178              IIC_stop();//产生停止符号。
C51 COMPILER V9.60.0.0   IIC                                                               08/14/2020 19:11:02 PAGE 4   

 179              //-------------------返回读取的数据--------------------
 180              return Data;//返回读取的一个字节数据。
 181          }
 182          *************************************************************************************************/


MODULE INFORMATION:   STATIC OVERLAYABLE
   CODE SIZE        =    116    ----
   CONSTANT SIZE    =   ----    ----
   XDATA SIZE       =   ----    ----
   PDATA SIZE       =   ----    ----
   DATA SIZE        =   ----    ----
   IDATA SIZE       =   ----    ----
   BIT SIZE         =   ----    ----
END OF MODULE INFORMATION.


C51 COMPILATION COMPLETE.  0 WARNING(S),  0 ERROR(S)
